// Jest Snapshot v1, https://goo.gl/fbAQLP

exports[`<Form /> should render the Form 1`] = `
.c0 {
  -webkit-align-items: center;
  -webkit-box-align: center;
  -ms-flex-align: center;
  align-items: center;
  display: -webkit-box;
  display: -webkit-flex;
  display: -ms-flexbox;
  display: flex;
  -webkit-flex-direction: column;
  -ms-flex-direction: column;
  flex-direction: column;
  gap: 1.6rem;
  max-width: 40rem;
  width: 100%;
}

<form
  class="c0"
>
  <label>
    Label
  </label>
  <input
    type="text"
  />
</form>
`;
