// Jest Snapshot v1, https://goo.gl/fbAQLP

exports[`<Main /> should render the heading 1`] = `
.c0 {
  -webkit-align-items: center;
  -webkit-box-align: center;
  -ms-flex-align: center;
  align-items: center;
  background-color: #0f0e17;
  color: #fffffe;
  display: -webkit-box;
  display: -webkit-flex;
  display: -ms-flexbox;
  display: flex;
  -webkit-flex-direction: column;
  -ms-flex-direction: column;
  flex-direction: column;
  -webkit-box-pack: center;
  -webkit-justify-content: center;
  -ms-flex-pack: center;
  justify-content: center;
  height: 100vh;
  padding: 3rem;
  text-align: center;
  width: 100%;
}

.c1 {
  margin-bottom: 2rem;
  width: 25rem;
}

.c2 {
  font-size: 2.5rem;
}

.c3 {
  color: #a7a9be;
  font-size: 2rem;
  font-weight: 400;
}

.c4 {
  margin-top: 3rem;
  width: min(30rem,100%);
}

<main
  class="c0"
>
  <img
    alt="Imagem de um átomo e React Avançado escrito ao lado."
    class="c1"
    src="/img/logo.svg"
  />
  <h1
    class="c2"
  >
    React Avançado
  </h1>
  <h2
    class="c3"
  >
    Jest, Typescript, ReactJS, NextJS e Styled Component
  </h2>
  <img
    alt="Um desenvolvedor de frente para a tela com o código"
    class="c4"
    src="/img/hero-illustration.svg"
  />
</main>
`
