// Jest Snapshot v1, https://goo.gl/fbAQLP

exports[`<Heading /> should render the heading 1`] = `
.c0 {
  color: neutral_900;
  font-size: xxxlarge;
  font-weight: 600;
  line-height: 4rem;
}

<h1
  class="c0"
>
  Heading
</h1>
`;
